Total messages: 10 (Errors: 10, Warnings: 0)

[ERROR] Failed to load resource: the server responded with a status of 404 () @ https://www.sahaayak.space/favicon.ico:0
[ERROR] Failed to load resource: the server responded with a status of 404 () @ https://www.sahaayak.space/favicon.ico:0
[ERROR] Access to fetch at 'https://y23g76b3hmldyftusdfygbnxty0oemmp.lambda-url.ap-south-1.on.aws/health' from origin 'https://www.sahaayak.space' has been blocked by CORS policy: The 'Access-Control-Allow-Origin' header contains multiple values '*, https://www.sahaayak.space', but only one is allowed. Have the server send the header with a valid value. @ https://www.sahaayak.space/?gate=WJecxdO_WdjZ#/login:0
[ERROR] Failed to load resource: net::ERR_FAILED @ https://y23g76b3hmldyftusdfygbnxty0oemmp.lambda-url.ap-south-1.on.aws/health:0
[ERROR] Access to fetch at 'https://y23g76b3hmldyftusdfygbnxty0oemmp.lambda-url.ap-south-1.on.aws/health' from origin 'https://www.sahaayak.space' has been blocked by CORS policy: The 'Access-Control-Allow-Origin' header contains multiple values '*, https://www.sahaayak.space', but only one is allowed. Have the server send the header with a valid value. @ https://www.sahaayak.space/?gate=WJecxdO_WdjZ#/login:0
[ERROR] Failed to load resource: net::ERR_FAILED @ https://y23g76b3hmldyftusdfygbnxty0oemmp.lambda-url.ap-south-1.on.aws/health:0
[ERROR] Access to fetch at 'https://y23g76b3hmldyftusdfygbnxty0oemmp.lambda-url.ap-south-1.on.aws/health' from origin 'https://www.sahaayak.space' has been blocked by CORS policy: The 'Access-Control-Allow-Origin' header contains multiple values '*, https://www.sahaayak.space', but only one is allowed. Have the server send the header with a valid value. @ https://www.sahaayak.space/?gate=WJecxdO_WdjZ#/login:0
[ERROR] Failed to load resource: net::ERR_FAILED @ https://y23g76b3hmldyftusdfygbnxty0oemmp.lambda-url.ap-south-1.on.aws/health:0
[ERROR] TypeError: Cannot read properties of undefined (reading 'count')
    at hxe (https://www.sahaayak.space/assets/index-DDk7FSCT.js:2383:32270)
    at https://www.sahaayak.space/assets/index-DDk7FSCT.js:2383:34191
    at um (https://www.sahaayak.space/assets/index-DDk7FSCT.js:40:24283)
    at Io (https://www.sahaayak.space/assets/index-DDk7FSCT.js:40:42409)
    at V7 (https://www.sahaayak.space/assets/index-DDk7FSCT.js:40:41231)
    at Vi (https://www.sahaayak.space/assets/index-DDk7FSCT.js:40:40278)
    at $5 (https://www.sahaayak.space/assets/index-DDk7FSCT.js:40:36886)
    at xi (https://www.sahaayak.space/assets/index-DDk7FSCT.js:38:3279)
    at https://www.sahaayak.space/assets/index-DDk7FSCT.js:40:34263 @ https://www.sahaayak.space/assets/index-DDk7FSCT.js:39
TypeError: Cannot read properties of undefined (reading 'count')
    at hxe (https://www.sahaayak.space/assets/index-DDk7FSCT.js:2383:32270)
    at https://www.sahaayak.space/assets/index-DDk7FSCT.js:2383:34191
    at um (https://www.sahaayak.space/assets/index-DDk7FSCT.js:40:24283)
    at Io (https://www.sahaayak.space/assets/index-DDk7FSCT.js:40:42409)
    at V7 (https://www.sahaayak.space/assets/index-DDk7FSCT.js:40:41231)
    at Vi (https://www.sahaayak.space/assets/index-DDk7FSCT.js:40:40278)
    at $5 (https://www.sahaayak.space/assets/index-DDk7FSCT.js:40:36886)
    at xi (https://www.sahaayak.space/assets/index-DDk7FSCT.js:38:3279)
    at https://www.sahaayak.space/assets/index-DDk7FSCT.js:40:34263